  colossal.cpp
C:\Users\Admin\Desktop\code\colossal-740848fa89\colossal_cpp\colossal.cpp(8,9): warning C4005: '_CRT_SECURE_NO_WARNINGS': macro redefinition
      C:\Users\Admin\Desktop\code\colossal-740848fa89\colossal_cpp\colossal.cpp(8,9):
      '_CRT_SECURE_NO_WARNINGS' previously declared on the command line
  
C:\Users\Admin\Desktop\code\colossal-740848fa89\colossal_cpp\colossal.cpp(95,34): warning C4477: 'sprintf_s' : format string '%d' requires an argument of type 'int', but variadic argument 1 has type 'size_t'
      C:\Users\Admin\Desktop\code\colossal-740848fa89\colossal_cpp\colossal.cpp(95,34):
      consider using '%zd' in the format string
  
C:\Users\Admin\Desktop\code\colossal-740848fa89\colossal_cpp\colossal.cpp(155,57): warning C4267: 'argument': conversion from 'size_t' to 'int', possible loss of data
C:\Users\Admin\Desktop\code\colossal-740848fa89\colossal_cpp\colossal.cpp(196,47): warning C4244: '=': conversion from '__int64' to 'int', possible loss of data
C:\Users\Admin\Desktop\code\colossal-740848fa89\colossal_cpp\colossal.cpp(228,51): warning C4244: '=': conversion from '__int64' to 'int', possible loss of data
C:\Users\Admin\Desktop\code\colossal-740848fa89\colossal_cpp\colossal.cpp(264,69): warning C4244: '=': conversion from '__int64' to 'int', possible loss of data
C:\Users\Admin\Desktop\code\colossal-740848fa89\colossal_cpp\colossal.cpp(289,73): warning C4244: '=': conversion from '__int64' to 'int', possible loss of data
C:\Users\Admin\Desktop\code\colossal-740848fa89\colossal_cpp\colossal.cpp(299,76): warning C4244: '=': conversion from '__int64' to 'long', possible loss of data
C:\Users\Admin\Desktop\code\colossal-740848fa89\colossal_cpp\colossal.cpp(363,65): warning C4244: '=': conversion from '__int64' to 'int', possible loss of data
C:\Users\Admin\Desktop\code\colossal-740848fa89\colossal_cpp\colossal.cpp(373,65): warning C4244: '=': conversion from '__int64' to 'int', possible loss of data
C:\Users\Admin\Desktop\code\colossal-740848fa89\colossal_cpp\colossal.cpp(458,61): warning C4244: '=': conversion from '__int64' to 'int', possible loss of data
C:\Users\Admin\Desktop\code\colossal-740848fa89\colossal_cpp\colossal.cpp(476,71): warning C4244: '=': conversion from '__int64' to 'int', possible loss of data
C:\Users\Admin\Desktop\code\colossal-740848fa89\colossal_cpp\colossal.cpp(510,81): warning C4244: '=': conversion from '__int64' to 'int', possible loss of data
C:\Users\Admin\Desktop\code\colossal-740848fa89\colossal_cpp\colossal.cpp(520,77): warning C4244: '=': conversion from '__int64' to 'int', possible loss of data
C:\Users\Admin\Desktop\code\colossal-740848fa89\colossal_cpp\colossal.cpp(530,81): warning C4244: '=': conversion from '__int64' to 'int', possible loss of data
C:\Users\Admin\Desktop\code\colossal-740848fa89\colossal_cpp\colossal.cpp(629,59): warning C4806: '&': unsafe operation: no value of type 'bool' promoted to type 'int' can equal the given constant
C:\Users\Admin\Desktop\code\colossal-740848fa89\colossal_cpp\colossal.cpp(863,28): warning C4244: '=': conversion from 'double' to 'float', possible loss of data
C:\Users\Admin\Desktop\code\colossal-740848fa89\colossal_cpp\colossal.cpp(864,28): warning C4244: '=': conversion from 'double' to 'float', possible loss of data
C:\Users\Admin\Desktop\code\colossal-740848fa89\colossal_cpp\colossal.cpp(1059,96): warning C4244: 'argument': conversion from 'unsigned __int64' to 'int', possible loss of data
C:\Users\Admin\Desktop\code\colossal-740848fa89\colossal_cpp\colossal.cpp(1174,28): warning C4244: '=': conversion from 'double' to 'float', possible loss of data
C:\Users\Admin\Desktop\code\colossal-740848fa89\colossal_cpp\colossal.cpp(1227,31): warning C4267: 'initializing': conversion from 'size_t' to 'int', possible loss of data
C:\Users\Admin\Desktop\code\colossal-740848fa89\colossal_cpp\colossal.cpp(1289,88): warning C4267: 'argument': conversion from 'size_t' to 'int', possible loss of data
C:\Users\Admin\Desktop\code\colossal-740848fa89\colossal_cpp\colossal.cpp(2545,50): warning C4305: '=': truncation from 'double' to 'float'
C:\Users\Admin\Desktop\code\colossal-740848fa89\colossal_cpp\colossal.cpp(2550,43): warning C4305: '=': truncation from 'double' to 'float'
C:\Users\Admin\Desktop\code\colossal-740848fa89\colossal_cpp\colossal.cpp(2859,57): warning C4244: '=': conversion from 'float' to 'int', possible loss of data
C:\Users\Admin\Desktop\code\colossal-740848fa89\colossal_cpp\colossal.cpp(2860,58): warning C4244: '=': conversion from 'float' to 'int', possible loss of data
C:\Users\Admin\Desktop\code\colossal-740848fa89\colossal_cpp\colossal.cpp(2895,53): warning C4244: 'argument': conversion from 'double' to 'float', possible loss of data
C:\Users\Admin\Desktop\code\colossal-740848fa89\colossal_cpp\colossal.cpp(2613,12): warning C4101: 'logging_th': unreferenced local variable
  colossaal_app.vcxproj -> C:\Users\Admin\Desktop\code\colossal-740848fa89\colossaal_app\x64\Debug\colossaal_app.exe
  'pwsh.exe' is not recognized as an internal or external command,
  operable program or batch file.
