  colossal.cpp
C:\Users\Admin\Desktop\code\colossal-740848fa89\colossal_cpp\colossal.cpp(9,9): warning C4005: '_CRT_SECURE_NO_WARNINGS': macro redefinition
      C:\Users\Admin\Desktop\code\colossal-740848fa89\colossal_cpp\colossal.cpp(9,9):
      '_CRT_SECURE_NO_WARNINGS' previously declared on the command line
  
C:\Users\Admin\Desktop\code\colossal-740848fa89\colossal_cpp\colossal.cpp(96,34): warning C4477: 'sprintf_s' : format string '%d' requires an argument of type 'int', but variadic argument 1 has type 'size_t'
      C:\Users\Admin\Desktop\code\colossal-740848fa89\colossal_cpp\colossal.cpp(96,34):
      consider using '%zd' in the format string
  
C:\Users\Admin\Desktop\code\colossal-740848fa89\colossal_cpp\colossal.cpp(156,57): warning C4267: 'argument': conversion from 'size_t' to 'int', possible loss of data
C:\Users\Admin\Desktop\code\colossal-740848fa89\colossal_cpp\colossal.cpp(197,47): warning C4244: '=': conversion from '__int64' to 'int', possible loss of data
C:\Users\Admin\Desktop\code\colossal-740848fa89\colossal_cpp\colossal.cpp(233,51): warning C4244: '=': conversion from '__int64' to 'int', possible loss of data
C:\Users\Admin\Desktop\code\colossal-740848fa89\colossal_cpp\colossal.cpp(269,69): warning C4244: '=': conversion from '__int64' to 'int', possible loss of data
C:\Users\Admin\Desktop\code\colossal-740848fa89\colossal_cpp\colossal.cpp(294,73): warning C4244: '=': conversion from '__int64' to 'int', possible loss of data
C:\Users\Admin\Desktop\code\colossal-740848fa89\colossal_cpp\colossal.cpp(304,76): warning C4244: '=': conversion from '__int64' to 'long', possible loss of data
C:\Users\Admin\Desktop\code\colossal-740848fa89\colossal_cpp\colossal.cpp(368,65): warning C4244: '=': conversion from '__int64' to 'int', possible loss of data
C:\Users\Admin\Desktop\code\colossal-740848fa89\colossal_cpp\colossal.cpp(378,65): warning C4244: '=': conversion from '__int64' to 'int', possible loss of data
C:\Users\Admin\Desktop\code\colossal-740848fa89\colossal_cpp\colossal.cpp(463,61): warning C4244: '=': conversion from '__int64' to 'int', possible loss of data
C:\Users\Admin\Desktop\code\colossal-740848fa89\colossal_cpp\colossal.cpp(481,67): warning C4244: '=': conversion from '__int64' to 'int', possible loss of data
C:\Users\Admin\Desktop\code\colossal-740848fa89\colossal_cpp\colossal.cpp(515,81): warning C4244: '=': conversion from '__int64' to 'int', possible loss of data
C:\Users\Admin\Desktop\code\colossal-740848fa89\colossal_cpp\colossal.cpp(525,77): warning C4244: '=': conversion from '__int64' to 'int', possible loss of data
C:\Users\Admin\Desktop\code\colossal-740848fa89\colossal_cpp\colossal.cpp(535,81): warning C4244: '=': conversion from '__int64' to 'int', possible loss of data
C:\Users\Admin\Desktop\code\colossal-740848fa89\colossal_cpp\colossal.cpp(634,59): warning C4806: '&': unsafe operation: no value of type 'bool' promoted to type 'int' can equal the given constant
C:\Users\Admin\Desktop\code\colossal-740848fa89\colossal_cpp\colossal.cpp(868,28): warning C4244: '=': conversion from 'double' to 'float', possible loss of data
C:\Users\Admin\Desktop\code\colossal-740848fa89\colossal_cpp\colossal.cpp(869,28): warning C4244: '=': conversion from 'double' to 'float', possible loss of data
C:\Users\Admin\Desktop\code\colossal-740848fa89\colossal_cpp\colossal.cpp(1064,96): warning C4244: 'argument': conversion from 'unsigned __int64' to 'int', possible loss of data
C:\Users\Admin\Desktop\code\colossal-740848fa89\colossal_cpp\colossal.cpp(1179,28): warning C4244: '=': conversion from 'double' to 'float', possible loss of data
C:\Users\Admin\Desktop\code\colossal-740848fa89\colossal_cpp\colossal.cpp(1232,31): warning C4267: 'initializing': conversion from 'size_t' to 'int', possible loss of data
C:\Users\Admin\Desktop\code\colossal-740848fa89\colossal_cpp\colossal.cpp(1294,88): warning C4267: 'argument': conversion from 'size_t' to 'int', possible loss of data
C:\Users\Admin\Desktop\code\colossal-740848fa89\colossal_cpp\colossal.cpp(2530,50): warning C4305: '=': truncation from 'double' to 'float'
C:\Users\Admin\Desktop\code\colossal-740848fa89\colossal_cpp\colossal.cpp(2535,43): warning C4305: '=': truncation from 'double' to 'float'
C:\Users\Admin\Desktop\code\colossal-740848fa89\colossal_cpp\colossal.cpp(2842,57): warning C4244: '=': conversion from 'float' to 'int', possible loss of data
C:\Users\Admin\Desktop\code\colossal-740848fa89\colossal_cpp\colossal.cpp(2843,58): warning C4244: '=': conversion from 'float' to 'int', possible loss of data
C:\Users\Admin\Desktop\code\colossal-740848fa89\colossal_cpp\colossal.cpp(2878,53): warning C4244: 'argument': conversion from 'double' to 'float', possible loss of data
C:\Users\Admin\Desktop\code\colossal-740848fa89\colossal_cpp\colossal.cpp(2598,12): warning C4101: 'logging_th': unreferenced local variable
LINK : warning LNK4075: ignoring '/INCREMENTAL' due to '/LTCG' specification
LINK : warning LNK4098: defaultlib 'MSVCRTD' conflicts with use of other libs; use /NODEFAULTLIB:library
  Generating code
  1 of 2951 functions (<0.1%) were compiled, the rest were copied from previous compilation.
    0 functions were new in current compilation
    87 functions had inline decision re-evaluated but remain unchanged
  Finished generating code
  colossaal_app.vcxproj -> C:\Users\Admin\Desktop\code\colossal-740848fa89\colossaal_app\x64\Release\colossaal_app.exe
  'pwsh.exe' is not recognized as an internal or external command,
  operable program or batch file.
